{"level":"info","time":"2026-08-06T18:04:18Z","message":"Thank you for trying Cloudflare Tunnel. Doing so, without a Cloudflare account, is a quick way to experiment and try it out. However, be aware that these account-less Tunnels have no uptime guarantee, are subject to the Cloudflare Online Services Terms of Use (https://www.cloudflare.com/website-terms/), and Cloudflare reserves the right to investigate your use of Tunnels for violations of such terms. If you intend to use Tunnels in production you should use a pre-created named tunnel by following: https://developers.cloudflare.com/cloudflare-one/connections/connect-apps"}
{"level":"info","time":"2026-08-06T18:04:18Z","message":"Requesting new quick Tunnel on trycloudflare.com..."}
{"level":"info","time":"2026-08-06T18:04:24Z","message":"+--------------------------------------------------------------------------------------------+"}
{"level":"info","time":"2026-08-06T18:04:24Z","message":"|  Your quick Tunnel has been created! Visit it at (it may take some time to be reachable):  |"}
{"level":"info","time":"2026-08-06T18:04:24Z","message":"|  https://magazines-frankfurt-few-screenshot.trycloudflare.com                              |"}
{"level":"info","time":"2026-08-06T18:04:24Z","message":"+--------------------------------------------------------------------------------------------+"}
{"level":"info","time":"2026-08-06T18:04:24Z","message":"Cannot determine default configuration path. No file [config.yml config.yaml] in [~/.cloudflared ~/.cloudflare-warp ~/cloudflare-warp]"}
{"level":"info","time":"2026-08-06T18:04:24Z","message":"Version 2026.7.3 (Checksum 8635da433b6df8194746e88ed9d2589566c20e38bfc2a80e431a348b7c765841)"}
{"level":"info","time":"2026-08-06T18:04:24Z","message":"GOOS: windows, GOVersion: go1.26.4, GoArch: amd64"}
{"level":"info","time":"2026-08-06T18:04:24Z","message":"Settings: map[ha-connections:1 logfile:C:\\WhatToCook_v1\\WhatToCook-\\cloudflared.log no-autoupdate:true protocol:quic url:http://127.0.0.1:8000]"}
{"level":"info","time":"2026-08-06T18:04:25Z","message":"cloudflared will not automatically update on Windows systems."}
{"level":"info","time":"2026-08-06T18:04:25Z","message":"Generated Connector ID: 0f5cd12b-4a4f-47f4-86fb-4fc3033547e2"}
{"level":"info","time":"2026-08-06T18:04:25Z","message":"Initial protocol quic"}
{"level":"info","time":"2026-08-06T18:04:25Z","message":"ICMP proxy will use 192.168.100.14 as source for IPv4"}
{"level":"info","time":"2026-08-06T18:04:25Z","message":"ICMP proxy will use fe80::8522:ab97:742a:9110 in zone Wi-Fi as source for IPv6"}
{"level":"info","time":"2026-08-06T18:04:25Z","message":"cloudflared does not support loading the system root certificate pool on Windows. Please use --origin-ca-pool <PATH> to specify the path to the certificate pool"}
{"level":"info","time":"2026-08-06T18:04:25Z","message":"ICMP proxy will use 192.168.100.14 as source for IPv4"}
{"level":"info","event":0,"ip":"198.41.192.37","connIndex":0,"time":"2026-08-06T18:04:25Z","message":"Tunnel connection curve preferences: [X25519MLKEM768 CurveID(65074) CurveP256]"}
{"level":"info","time":"2026-08-06T18:04:25Z","message":"ICMP proxy will use fe80::8522:ab97:742a:9110 in zone Wi-Fi as source for IPv6"}
{"level":"info","time":"2026-08-06T18:04:25Z","message":"Starting metrics server on 127.0.0.1:20241/metrics"}
{"level":"info","time":"2026-08-06T18:04:25Z","message":"+-------------------------------------------------------------------------------------+"}
{"level":"info","time":"2026-08-06T18:04:25Z","message":"|                               CONNECTIVITY PRE-CHECKS                               |"}
{"level":"info","time":"2026-08-06T18:04:25Z","message":"+-------------------------------------------------------------------------------------+"}
{"level":"info","time":"2026-08-06T18:04:25Z","message":"|  COMPONENT         TARGET                     STATUS  DETAILS                       |"}
{"level":"info","time":"2026-08-06T18:04:25Z","message":"|  DNS Resolution    region1.v2.argotunnel.com  PASS    DNS Resolved successfully     |"}
{"level":"info","time":"2026-08-06T18:04:25Z","message":"|  DNS Resolution    region2.v2.argotunnel.com  PASS    DNS Resolved successfully     |"}
{"level":"info","time":"2026-08-06T18:04:25Z","message":"|  UDP Connectivity  region1.v2.argotunnel.com  PASS    QUIC connection successful    |"}
{"level":"info","time":"2026-08-06T18:04:25Z","message":"|  UDP Connectivity  region2.v2.argotunnel.com  PASS    QUIC connection successful    |"}
{"level":"info","time":"2026-08-06T18:04:25Z","message":"|  TCP Connectivity  region1.v2.argotunnel.com  PASS    HTTP/2 connection successful  |"}
{"level":"info","time":"2026-08-06T18:04:25Z","message":"|  TCP Connectivity  region2.v2.argotunnel.com  PASS    HTTP/2 connection successful  |"}
{"level":"info","time":"2026-08-06T18:04:25Z","message":"|  Cloudflare API    api.cloudflare.com:443     PASS    API is reachable              |"}
{"level":"info","time":"2026-08-06T18:04:25Z","message":"|                                                                                     |"}
{"level":"info","time":"2026-08-06T18:04:25Z","message":"|  SUMMARY: Environment is healthy. cloudflared will use 'quic' as primary protocol.  |"}
{"level":"info","time":"2026-08-06T18:04:25Z","message":"+-------------------------------------------------------------------------------------+"}
{"level":"info","run_id":"279abbc5-a561-4281-93ae-1e9177673c98","component":"DNS Resolution","target":"region1.v2.argotunnel.com","status":"pass","details":"DNS Resolved successfully","time":"2026-08-06T18:04:25Z","message":"precheck"}
{"level":"info","run_id":"279abbc5-a561-4281-93ae-1e9177673c98","component":"DNS Resolution","target":"region2.v2.argotunnel.com","status":"pass","details":"DNS Resolved successfully","time":"2026-08-06T18:04:25Z","message":"precheck"}
{"level":"info","run_id":"279abbc5-a561-4281-93ae-1e9177673c98","component":"UDP Connectivity","target":"region1.v2.argotunnel.com","status":"pass","details":"QUIC connection successful","time":"2026-08-06T18:04:25Z","message":"precheck"}
{"level":"info","run_id":"279abbc5-a561-4281-93ae-1e9177673c98","component":"UDP Connectivity","target":"region2.v2.argotunnel.com","status":"pass","details":"QUIC connection successful","time":"2026-08-06T18:04:25Z","message":"precheck"}
{"level":"info","run_id":"279abbc5-a561-4281-93ae-1e9177673c98","component":"TCP Connectivity","target":"region1.v2.argotunnel.com","status":"pass","details":"HTTP/2 connection successful","time":"2026-08-06T18:04:25Z","message":"precheck"}
{"level":"info","run_id":"279abbc5-a561-4281-93ae-1e9177673c98","component":"TCP Connectivity","target":"region2.v2.argotunnel.com","status":"pass","details":"HTTP/2 connection successful","time":"2026-08-06T18:04:25Z","message":"precheck"}
{"level":"info","run_id":"279abbc5-a561-4281-93ae-1e9177673c98","component":"Cloudflare API","target":"api.cloudflare.com:443","status":"pass","details":"API is reachable","time":"2026-08-06T18:04:25Z","message":"precheck"}
{"level":"info","run_id":"279abbc5-a561-4281-93ae-1e9177673c98","hard_fail":false,"suggested_protocol":"quic","time":"2026-08-06T18:04:25Z","message":"precheck complete"}
{"level":"info","event":0,"connection":"e6856961-616e-456f-bb61-5826ccc206f7","connIndex":0,"location":"sin21","ip":"198.41.192.37","protocol":"quic","time":"2026-08-06T18:04:25Z","message":"Registered tunnel connection"}
{"level":"info","time":"2026-08-06T20:42:50Z","message":"Initiating graceful shutdown due to signal terminated ..."}
{"level":"error","event":0,"ip":"198.41.192.37","connIndex":0,"error":"context canceled","time":"2026-08-06T20:42:50Z","message":"failed to run the datagram handler"}
{"level":"error","event":0,"ip":"198.41.192.37","connIndex":0,"error":"accept stream listener encountered a failure while serving","time":"2026-08-06T20:42:50Z","message":"failed to serve tunnel connection"}
{"level":"error","event":0,"ip":"198.41.192.37","connIndex":0,"error":"accept stream listener encountered a failure while serving","time":"2026-08-06T20:42:50Z","message":"Serve tunnel error"}
{"level":"info","event":0,"ip":"198.41.192.37","connIndex":0,"time":"2026-08-06T20:42:50Z","message":"Retrying connection in up to 1s"}
{"level":"error","connIndex":0,"time":"2026-08-06T20:42:50Z","message":"Connection terminated"}
{"level":"error","time":"2026-08-06T20:42:50Z","message":"no more connections active and exiting"}
{"level":"info","time":"2026-08-06T20:42:50Z","message":"Tunnel server stopped"}
{"level":"info","time":"2026-08-06T20:42:50Z","message":"Metrics server stopped"}
